pkg_config: checking for pkg-config for openssl... -------------------- ["-I/nix/store/33n9vfhwvq35sa9qmyd0c7l61m539c1v-openssl-3.6.3-dev/include ", "-L/nix/store/604a9ayx3kdxqlx72f5wb39gn401y38v-openssl-3.6.3/lib", "-lssl -lcrypto"]

LD_LIBRARY_PATH=.:/nix/store/l38m6dy9h4ia233c7dj1kd171fc33g9m-ruby-3.4.9/lib ASAN_OPTIONS=detect_leaks=0 pkg-config --exists openssl
LD_LIBRARY_PATH=.:/nix/store/l38m6dy9h4ia233c7dj1kd171fc33g9m-ruby-3.4.9/lib ASAN_OPTIONS=detect_leaks=0 pkg-config --libs openssl |
=> "-L/nix/store/604a9ayx3kdxqlx72f5wb39gn401y38v-openssl-3.6.3/lib -lssl -lcrypto\n"
LD_LIBRARY_PATH=.:/nix/store/l38m6dy9h4ia233c7dj1kd171fc33g9m-ruby-3.4.9/lib ASAN_OPTIONS=detect_leaks=0 "gcc -o conftest -I/nix/store/l38m6dy9h4ia233c7dj1kd171fc33g9m-ruby-3.4.9/include/ruby-3.4.0/x86_64-linux -I/nix/store/l38m6dy9h4ia233c7dj1kd171fc33g9m-ruby-3.4.9/include/ruby-3.4.0/ruby/backward -I/nix/store/l38m6dy9h4ia233c7dj1kd171fc33g9m-ruby-3.4.9/include/ruby-3.4.0 -I.    -O3 -fPIC conftest.c -L. -L/nix/store/l38m6dy9h4ia233c7dj1kd171fc33g9m-ruby-3.4.9/lib -Wl,-rpath,/nix/store/l38m6dy9h4ia233c7dj1kd171fc33g9m-ruby-3.4.9/lib -L. -fstack-protector-strong -rdynamic -Wl,-export-dynamic -Wl,--no-as-needed     -Wl,-rpath,/nix/store/l38m6dy9h4ia233c7dj1kd171fc33g9m-ruby-3.4.9/lib -L/nix/store/l38m6dy9h4ia233c7dj1kd171fc33g9m-ruby-3.4.9/lib -lruby-3.4.9  -lm -lpthread  -lc"
checked program was:
/* begin */
1: #include "ruby.h"
2: 
3: int main(int argc, char **argv)
4: {
5:   return !!argv[argc];
6: }
/* end */

LD_LIBRARY_PATH=.:/nix/store/l38m6dy9h4ia233c7dj1kd171fc33g9m-ruby-3.4.9/lib ASAN_OPTIONS=detect_leaks=0 "gcc -o conftest -I/nix/store/l38m6dy9h4ia233c7dj1kd171fc33g9m-ruby-3.4.9/include/ruby-3.4.0/x86_64-linux -I/nix/store/l38m6dy9h4ia233c7dj1kd171fc33g9m-ruby-3.4.9/include/ruby-3.4.0/ruby/backward -I/nix/store/l38m6dy9h4ia233c7dj1kd171fc33g9m-ruby-3.4.9/include/ruby-3.4.0 -I.    -O3 -fPIC conftest.c -L. -L/nix/store/l38m6dy9h4ia233c7dj1kd171fc33g9m-ruby-3.4.9/lib -Wl,-rpath,/nix/store/l38m6dy9h4ia233c7dj1kd171fc33g9m-ruby-3.4.9/lib -L. -fstack-protector-strong -rdynamic -Wl,-export-dynamic -Wl,--no-as-needed -L/nix/store/604a9ayx3kdxqlx72f5wb39gn401y38v-openssl-3.6.3/lib -lssl -lcrypto    -Wl,-rpath,/nix/store/l38m6dy9h4ia233c7dj1kd171fc33g9m-ruby-3.4.9/lib -L/nix/store/l38m6dy9h4ia233c7dj1kd171fc33g9m-ruby-3.4.9/lib -lruby-3.4.9  -lm -lpthread  -lc"
checked program was:
/* begin */
1: #include "ruby.h"
2: 
3: int main(int argc, char **argv)
4: {
5:   return !!argv[argc];
6: }
/* end */

LD_LIBRARY_PATH=.:/nix/store/l38m6dy9h4ia233c7dj1kd171fc33g9m-ruby-3.4.9/lib ASAN_OPTIONS=detect_leaks=0 pkg-config --cflags-only-I openssl |
=> "-I/nix/store/33n9vfhwvq35sa9qmyd0c7l61m539c1v-openssl-3.6.3-dev/include\n"
LD_LIBRARY_PATH=.:/nix/store/l38m6dy9h4ia233c7dj1kd171fc33g9m-ruby-3.4.9/lib ASAN_OPTIONS=detect_leaks=0 pkg-config --cflags-only-other openssl |
=> "\n"
LD_LIBRARY_PATH=.:/nix/store/l38m6dy9h4ia233c7dj1kd171fc33g9m-ruby-3.4.9/lib ASAN_OPTIONS=detect_leaks=0 pkg-config --libs-only-l openssl |
=> "-lssl -lcrypto\n"
package configuration for openssl
incflags: -I/nix/store/33n9vfhwvq35sa9qmyd0c7l61m539c1v-openssl-3.6.3-dev/include
cflags: 
ldflags: -L/nix/store/604a9ayx3kdxqlx72f5wb39gn401y38v-openssl-3.6.3/lib
libs: -lssl -lcrypto

--------------------

have_header: checking for openssl/bio.h... -------------------- yes

LD_LIBRARY_PATH=.:/nix/store/l38m6dy9h4ia233c7dj1kd171fc33g9m-ruby-3.4.9/lib ASAN_OPTIONS=detect_leaks=0 "gcc -I/nix/store/l38m6dy9h4ia233c7dj1kd171fc33g9m-ruby-3.4.9/include/ruby-3.4.0/x86_64-linux -I/nix/store/l38m6dy9h4ia233c7dj1kd171fc33g9m-ruby-3.4.9/include/ruby-3.4.0/ruby/backward -I/nix/store/l38m6dy9h4ia233c7dj1kd171fc33g9m-ruby-3.4.9/include/ruby-3.4.0 -I. -I/nix/store/33n9vfhwvq35sa9qmyd0c7l61m539c1v-openssl-3.6.3-dev/include    -O3 -fPIC    -c conftest.c"
checked program was:
/* begin */
1: #include "ruby.h"
2: 
3: #include <openssl/bio.h>
/* end */

--------------------

have_func: checking for DTLS_method() in openssl/ssl.h... -------------------- yes

LD_LIBRARY_PATH=.:/nix/store/l38m6dy9h4ia233c7dj1kd171fc33g9m-ruby-3.4.9/lib ASAN_OPTIONS=detect_leaks=0 "gcc -o conftest -I/nix/store/l38m6dy9h4ia233c7dj1kd171fc33g9m-ruby-3.4.9/include/ruby-3.4.0/x86_64-linux -I/nix/store/l38m6dy9h4ia233c7dj1kd171fc33g9m-ruby-3.4.9/include/ruby-3.4.0/ruby/backward -I/nix/store/l38m6dy9h4ia233c7dj1kd171fc33g9m-ruby-3.4.9/include/ruby-3.4.0 -I. -I/nix/store/33n9vfhwvq35sa9qmyd0c7l61m539c1v-openssl-3.6.3-dev/include    -O3 -fPIC  conftest.c -L. -L/nix/store/l38m6dy9h4ia233c7dj1kd171fc33g9m-ruby-3.4.9/lib -Wl,-rpath,/nix/store/l38m6dy9h4ia233c7dj1kd171fc33g9m-ruby-3.4.9/lib -L. -fstack-protector-strong -rdynamic -Wl,-export-dynamic -Wl,--no-as-needed -L/nix/store/604a9ayx3kdxqlx72f5wb39gn401y38v-openssl-3.6.3/lib     -lssl -lcrypto -Wl,-rpath,/nix/store/l38m6dy9h4ia233c7dj1kd171fc33g9m-ruby-3.4.9/lib -L/nix/store/l38m6dy9h4ia233c7dj1kd171fc33g9m-ruby-3.4.9/lib -lruby-3.4.9  -lssl -lcrypto -lm -lpthread  -lc"
checked program was:
/* begin */
 1: #include "ruby.h"
 2: 
 3: #include <openssl/ssl.h>
 4: 
 5: /*top*/
 6: extern int t(void);
 7: int main(int argc, char **argv)
 8: {
 9:   if (argc > 1000000) {
10:     int (* volatile tp)(void)=(int (*)(void))&t;
11:     printf("%d", (*tp)());
12:   }
13: 
14:   return !!argv[argc];
15: }
16: int t(void) { void ((*volatile p)()); p = (void ((*)()))DTLS_method; return !p; }
/* end */

--------------------

have_func: checking for SSL_CTX_set_session_cache_mode(NULL, 0) in openssl/ssl.h... -------------------- yes

LD_LIBRARY_PATH=.:/nix/store/l38m6dy9h4ia233c7dj1kd171fc33g9m-ruby-3.4.9/lib ASAN_OPTIONS=detect_leaks=0 "gcc -o conftest -I/nix/store/l38m6dy9h4ia233c7dj1kd171fc33g9m-ruby-3.4.9/include/ruby-3.4.0/x86_64-linux -I/nix/store/l38m6dy9h4ia233c7dj1kd171fc33g9m-ruby-3.4.9/include/ruby-3.4.0/ruby/backward -I/nix/store/l38m6dy9h4ia233c7dj1kd171fc33g9m-ruby-3.4.9/include/ruby-3.4.0 -I. -I/nix/store/33n9vfhwvq35sa9qmyd0c7l61m539c1v-openssl-3.6.3-dev/include    -O3 -fPIC  conftest.c -L. -L/nix/store/l38m6dy9h4ia233c7dj1kd171fc33g9m-ruby-3.4.9/lib -Wl,-rpath,/nix/store/l38m6dy9h4ia233c7dj1kd171fc33g9m-ruby-3.4.9/lib -L. -fstack-protector-strong -rdynamic -Wl,-export-dynamic -Wl,--no-as-needed -L/nix/store/604a9ayx3kdxqlx72f5wb39gn401y38v-openssl-3.6.3/lib     -lssl -lcrypto -Wl,-rpath,/nix/store/l38m6dy9h4ia233c7dj1kd171fc33g9m-ruby-3.4.9/lib -L/nix/store/l38m6dy9h4ia233c7dj1kd171fc33g9m-ruby-3.4.9/lib -lruby-3.4.9  -lssl -lcrypto -lm -lpthread  -lc"
checked program was:
/* begin */
 1: #include "ruby.h"
 2: 
 3: #include <openssl/ssl.h>
 4: 
 5: /*top*/
 6: extern int t(void);
 7: int main(int argc, char **argv)
 8: {
 9:   if (argc > 1000000) {
10:     int (* volatile tp)(void)=(int (*)(void))&t;
11:     printf("%d", (*tp)());
12:   }
13: 
14:   return !!argv[argc];
15: }
16: 
17: int t(void) { SSL_CTX_set_session_cache_mode(NULL, 0); return 0; }
/* end */

--------------------

have_func: checking for TLS_server_method() in openssl/ssl.h... -------------------- yes

LD_LIBRARY_PATH=.:/nix/store/l38m6dy9h4ia233c7dj1kd171fc33g9m-ruby-3.4.9/lib ASAN_OPTIONS=detect_leaks=0 "gcc -o conftest -I/nix/store/l38m6dy9h4ia233c7dj1kd171fc33g9m-ruby-3.4.9/include/ruby-3.4.0/x86_64-linux -I/nix/store/l38m6dy9h4ia233c7dj1kd171fc33g9m-ruby-3.4.9/include/ruby-3.4.0/ruby/backward -I/nix/store/l38m6dy9h4ia233c7dj1kd171fc33g9m-ruby-3.4.9/include/ruby-3.4.0 -I. -I/nix/store/33n9vfhwvq35sa9qmyd0c7l61m539c1v-openssl-3.6.3-dev/include    -O3 -fPIC  conftest.c -L. -L/nix/store/l38m6dy9h4ia233c7dj1kd171fc33g9m-ruby-3.4.9/lib -Wl,-rpath,/nix/store/l38m6dy9h4ia233c7dj1kd171fc33g9m-ruby-3.4.9/lib -L. -fstack-protector-strong -rdynamic -Wl,-export-dynamic -Wl,--no-as-needed -L/nix/store/604a9ayx3kdxqlx72f5wb39gn401y38v-openssl-3.6.3/lib     -lssl -lcrypto -Wl,-rpath,/nix/store/l38m6dy9h4ia233c7dj1kd171fc33g9m-ruby-3.4.9/lib -L/nix/store/l38m6dy9h4ia233c7dj1kd171fc33g9m-ruby-3.4.9/lib -lruby-3.4.9  -lssl -lcrypto -lm -lpthread  -lc"
checked program was:
/* begin */
 1: #include "ruby.h"
 2: 
 3: #include <openssl/ssl.h>
 4: 
 5: /*top*/
 6: extern int t(void);
 7: int main(int argc, char **argv)
 8: {
 9:   if (argc > 1000000) {
10:     int (* volatile tp)(void)=(int (*)(void))&t;
11:     printf("%d", (*tp)());
12:   }
13: 
14:   return !!argv[argc];
15: }
16: int t(void) { void ((*volatile p)()); p = (void ((*)()))TLS_server_method; return !p; }
/* end */

--------------------

have_func: checking for SSL_CTX_set_min_proto_version(NULL, 0) in openssl/ssl.h... -------------------- yes

LD_LIBRARY_PATH=.:/nix/store/l38m6dy9h4ia233c7dj1kd171fc33g9m-ruby-3.4.9/lib ASAN_OPTIONS=detect_leaks=0 "gcc -o conftest -I/nix/store/l38m6dy9h4ia233c7dj1kd171fc33g9m-ruby-3.4.9/include/ruby-3.4.0/x86_64-linux -I/nix/store/l38m6dy9h4ia233c7dj1kd171fc33g9m-ruby-3.4.9/include/ruby-3.4.0/ruby/backward -I/nix/store/l38m6dy9h4ia233c7dj1kd171fc33g9m-ruby-3.4.9/include/ruby-3.4.0 -I. -I/nix/store/33n9vfhwvq35sa9qmyd0c7l61m539c1v-openssl-3.6.3-dev/include    -O3 -fPIC  conftest.c -L. -L/nix/store/l38m6dy9h4ia233c7dj1kd171fc33g9m-ruby-3.4.9/lib -Wl,-rpath,/nix/store/l38m6dy9h4ia233c7dj1kd171fc33g9m-ruby-3.4.9/lib -L. -fstack-protector-strong -rdynamic -Wl,-export-dynamic -Wl,--no-as-needed -L/nix/store/604a9ayx3kdxqlx72f5wb39gn401y38v-openssl-3.6.3/lib     -lssl -lcrypto -Wl,-rpath,/nix/store/l38m6dy9h4ia233c7dj1kd171fc33g9m-ruby-3.4.9/lib -L/nix/store/l38m6dy9h4ia233c7dj1kd171fc33g9m-ruby-3.4.9/lib -lruby-3.4.9  -lssl -lcrypto -lm -lpthread  -lc"
checked program was:
/* begin */
 1: #include "ruby.h"
 2: 
 3: #include <openssl/ssl.h>
 4: 
 5: /*top*/
 6: extern int t(void);
 7: int main(int argc, char **argv)
 8: {
 9:   if (argc > 1000000) {
10:     int (* volatile tp)(void)=(int (*)(void))&t;
11:     printf("%d", (*tp)());
12:   }
13: 
14:   return !!argv[argc];
15: }
16: 
17: int t(void) { SSL_CTX_set_min_proto_version(NULL, 0); return 0; }
/* end */

--------------------

have_func: checking for SSL_CTX_set_dh_auto(NULL, 0) in openssl/ssl.h... -------------------- yes

LD_LIBRARY_PATH=.:/nix/store/l38m6dy9h4ia233c7dj1kd171fc33g9m-ruby-3.4.9/lib ASAN_OPTIONS=detect_leaks=0 "gcc -o conftest -I/nix/store/l38m6dy9h4ia233c7dj1kd171fc33g9m-ruby-3.4.9/include/ruby-3.4.0/x86_64-linux -I/nix/store/l38m6dy9h4ia233c7dj1kd171fc33g9m-ruby-3.4.9/include/ruby-3.4.0/ruby/backward -I/nix/store/l38m6dy9h4ia233c7dj1kd171fc33g9m-ruby-3.4.9/include/ruby-3.4.0 -I. -I/nix/store/33n9vfhwvq35sa9qmyd0c7l61m539c1v-openssl-3.6.3-dev/include    -O3 -fPIC  conftest.c -L. -L/nix/store/l38m6dy9h4ia233c7dj1kd171fc33g9m-ruby-3.4.9/lib -Wl,-rpath,/nix/store/l38m6dy9h4ia233c7dj1kd171fc33g9m-ruby-3.4.9/lib -L. -fstack-protector-strong -rdynamic -Wl,-export-dynamic -Wl,--no-as-needed -L/nix/store/604a9ayx3kdxqlx72f5wb39gn401y38v-openssl-3.6.3/lib     -lssl -lcrypto -Wl,-rpath,/nix/store/l38m6dy9h4ia233c7dj1kd171fc33g9m-ruby-3.4.9/lib -L/nix/store/l38m6dy9h4ia233c7dj1kd171fc33g9m-ruby-3.4.9/lib -lruby-3.4.9  -lssl -lcrypto -lm -lpthread  -lc"
checked program was:
/* begin */
 1: #include "ruby.h"
 2: 
 3: #include <openssl/ssl.h>
 4: 
 5: /*top*/
 6: extern int t(void);
 7: int main(int argc, char **argv)
 8: {
 9:   if (argc > 1000000) {
10:     int (* volatile tp)(void)=(int (*)(void))&t;
11:     printf("%d", (*tp)());
12:   }
13: 
14:   return !!argv[argc];
15: }
16: 
17: int t(void) { SSL_CTX_set_dh_auto(NULL, 0); return 0; }
/* end */

--------------------

have_func: checking for SSL_CTX_set_ciphersuites(NULL, "") in openssl/ssl.h... -------------------- yes

LD_LIBRARY_PATH=.:/nix/store/l38m6dy9h4ia233c7dj1kd171fc33g9m-ruby-3.4.9/lib ASAN_OPTIONS=detect_leaks=0 "gcc -o conftest -I/nix/store/l38m6dy9h4ia233c7dj1kd171fc33g9m-ruby-3.4.9/include/ruby-3.4.0/x86_64-linux -I/nix/store/l38m6dy9h4ia233c7dj1kd171fc33g9m-ruby-3.4.9/include/ruby-3.4.0/ruby/backward -I/nix/store/l38m6dy9h4ia233c7dj1kd171fc33g9m-ruby-3.4.9/include/ruby-3.4.0 -I. -I/nix/store/33n9vfhwvq35sa9qmyd0c7l61m539c1v-openssl-3.6.3-dev/include    -O3 -fPIC  conftest.c -L. -L/nix/store/l38m6dy9h4ia233c7dj1kd171fc33g9m-ruby-3.4.9/lib -Wl,-rpath,/nix/store/l38m6dy9h4ia233c7dj1kd171fc33g9m-ruby-3.4.9/lib -L. -fstack-protector-strong -rdynamic -Wl,-export-dynamic -Wl,--no-as-needed -L/nix/store/604a9ayx3kdxqlx72f5wb39gn401y38v-openssl-3.6.3/lib     -lssl -lcrypto -Wl,-rpath,/nix/store/l38m6dy9h4ia233c7dj1kd171fc33g9m-ruby-3.4.9/lib -L/nix/store/l38m6dy9h4ia233c7dj1kd171fc33g9m-ruby-3.4.9/lib -lruby-3.4.9  -lssl -lcrypto -lm -lpthread  -lc"
checked program was:
/* begin */
 1: #include "ruby.h"
 2: 
 3: #include <openssl/ssl.h>
 4: 
 5: /*top*/
 6: extern int t(void);
 7: int main(int argc, char **argv)
 8: {
 9:   if (argc > 1000000) {
10:     int (* volatile tp)(void)=(int (*)(void))&t;
11:     printf("%d", (*tp)());
12:   }
13: 
14:   return !!argv[argc];
15: }
16: 
17: int t(void) { char s1[1024]; SSL_CTX_set_ciphersuites(NULL, s1); return 0; }
/* end */

--------------------

have_func: checking for SSL_get1_peer_certificate() in openssl/ssl.h... -------------------- yes

LD_LIBRARY_PATH=.:/nix/store/l38m6dy9h4ia233c7dj1kd171fc33g9m-ruby-3.4.9/lib ASAN_OPTIONS=detect_leaks=0 "gcc -o conftest -I/nix/store/l38m6dy9h4ia233c7dj1kd171fc33g9m-ruby-3.4.9/include/ruby-3.4.0/x86_64-linux -I/nix/store/l38m6dy9h4ia233c7dj1kd171fc33g9m-ruby-3.4.9/include/ruby-3.4.0/ruby/backward -I/nix/store/l38m6dy9h4ia233c7dj1kd171fc33g9m-ruby-3.4.9/include/ruby-3.4.0 -I. -I/nix/store/33n9vfhwvq35sa9qmyd0c7l61m539c1v-openssl-3.6.3-dev/include    -O3 -fPIC  conftest.c -L. -L/nix/store/l38m6dy9h4ia233c7dj1kd171fc33g9m-ruby-3.4.9/lib -Wl,-rpath,/nix/store/l38m6dy9h4ia233c7dj1kd171fc33g9m-ruby-3.4.9/lib -L. -fstack-protector-strong -rdynamic -Wl,-export-dynamic -Wl,--no-as-needed -L/nix/store/604a9ayx3kdxqlx72f5wb39gn401y38v-openssl-3.6.3/lib     -lssl -lcrypto -Wl,-rpath,/nix/store/l38m6dy9h4ia233c7dj1kd171fc33g9m-ruby-3.4.9/lib -L/nix/store/l38m6dy9h4ia233c7dj1kd171fc33g9m-ruby-3.4.9/lib -lruby-3.4.9  -lssl -lcrypto -lm -lpthread  -lc"
checked program was:
/* begin */
 1: #include "ruby.h"
 2: 
 3: #include <openssl/ssl.h>
 4: 
 5: /*top*/
 6: extern int t(void);
 7: int main(int argc, char **argv)
 8: {
 9:   if (argc > 1000000) {
10:     int (* volatile tp)(void)=(int (*)(void))&t;
11:     printf("%d", (*tp)());
12:   }
13: 
14:   return !!argv[argc];
15: }
16: int t(void) { void ((*volatile p)()); p = (void ((*)()))SSL_get1_peer_certificate; return !p; }
/* end */

--------------------

