current directory: /home/redhood/Desktop/code/rubyProj/railstutorial/environment/hello_app/.nix-gems/gems/json-2.21.1/ext/json/ext/parser
/nix/store/l38m6dy9h4ia233c7dj1kd171fc33g9m-ruby-3.4.9/bin/ruby extconf.rb
checking for rb_enc_interned_str() in ruby/encoding.h... yes
checking for rb_str_to_interned_str() in ruby.h... yes
checking for rb_hash_new_capa() in ruby.h... yes
checking for rb_hash_bulk_insert() in ruby.h... yes
checking for ruby_xfree_sized() in ruby.h... no
checking for x86intrin.h... yes
checking for _lzcnt_u64() in x86intrin.h... no
checking for intrin.h... no
checking for RUBY_TYPED_EMBEDDABLE in ruby.h... yes
checking for whether -std=c99 is accepted as CFLAGS... yes
checking for x86intrin.h... yes
checking for cpuid.h... yes
creating Makefile

current directory: /home/redhood/Desktop/code/rubyProj/railstutorial/environment/hello_app/.nix-gems/gems/json-2.21.1/ext/json/ext/parser
make DESTDIR\= sitearchdir\=./.gem.20260727-244588-l4900j sitelibdir\=./.gem.20260727-244588-l4900j clean

current directory: /home/redhood/Desktop/code/rubyProj/railstutorial/environment/hello_app/.nix-gems/gems/json-2.21.1/ext/json/ext/parser
make DESTDIR\= sitearchdir\=./.gem.20260727-244588-l4900j sitelibdir\=./.gem.20260727-244588-l4900j
compiling parser.c
linking shared-object json/ext/parser.so

current directory: /home/redhood/Desktop/code/rubyProj/railstutorial/environment/hello_app/.nix-gems/gems/json-2.21.1/ext/json/ext/parser
make DESTDIR\= sitearchdir\=./.gem.20260727-244588-l4900j sitelibdir\=./.gem.20260727-244588-l4900j install
install -c -p -m 755 parser.so ./.gem.20260727-244588-l4900j/json/ext

current directory: /home/redhood/Desktop/code/rubyProj/railstutorial/environment/hello_app/.nix-gems/gems/json-2.21.1/ext/json/ext/parser
make DESTDIR\= sitearchdir\=./.gem.20260727-244588-l4900j sitelibdir\=./.gem.20260727-244588-l4900j clean
