current directory: /home/redhood/Desktop/code/rubyProj/railstutorial/environment/hello_app/.nix-gems/gems/rbs-4.1.0/ext/rbs_extension
/nix/store/l38m6dy9h4ia233c7dj1kd171fc33g9m-ruby-3.4.9/bin/ruby extconf.rb
checking for whether -std=gnu99 is accepted as CFLAGS... yes
checking for whether -Wimplicit-fallthrough is accepted as CFLAGS... yes
checking for whether -Wunused-result is accepted as CFLAGS... yes
checking for whether -Wc++-compat is accepted as CFLAGS... yes
checking for whether -Wnullable-to-nonnull-conversion is accepted as CFLAGS... no
checking for whether -DNDEBUG is accepted as CFLAGS... yes
creating Makefile

current directory: /home/redhood/Desktop/code/rubyProj/railstutorial/environment/hello_app/.nix-gems/gems/rbs-4.1.0/ext/rbs_extension
make DESTDIR\= sitearchdir\=./.gem.20260727-244588-u199wn sitelibdir\=./.gem.20260727-244588-u199wn clean

current directory: /home/redhood/Desktop/code/rubyProj/railstutorial/environment/hello_app/.nix-gems/gems/rbs-4.1.0/ext/rbs_extension
make DESTDIR\= sitearchdir\=./.gem.20260727-244588-u199wn sitelibdir\=./.gem.20260727-244588-u199wn
compiling ./../../src/ast.c
compiling ./../../src/lexer.c
compiling ./../../src/lexstate.c
compiling ./../../src/location.c
compiling ./../../src/parser.c
compiling ./../../src/serialize.c
compiling ./../../src/string.c
compiling ./../../src/util/rbs_allocator.c
compiling ./../../src/util/rbs_assert.c
compiling ./../../src/util/rbs_buffer.c
compiling ./../../src/util/rbs_constant_pool.c
compiling ./../../src/util/rbs_encoding.c
compiling ./../../src/util/rbs_unescape.c
compiling ast_translation.c
compiling class_constants.c
compiling legacy_location.c
compiling main.c
compiling rbs_string_bridging.c
linking shared-object rbs_extension.so

current directory: /home/redhood/Desktop/code/rubyProj/railstutorial/environment/hello_app/.nix-gems/gems/rbs-4.1.0/ext/rbs_extension
make DESTDIR\= sitearchdir\=./.gem.20260727-244588-u199wn sitelibdir\=./.gem.20260727-244588-u199wn install
install -c -p -m 755 rbs_extension.so ./.gem.20260727-244588-u199wn

current directory: /home/redhood/Desktop/code/rubyProj/railstutorial/environment/hello_app/.nix-gems/gems/rbs-4.1.0/ext/rbs_extension
make DESTDIR\= sitearchdir\=./.gem.20260727-244588-u199wn sitelibdir\=./.gem.20260727-244588-u199wn clean
