append_cflags: checking for whether -std=gnu99 is accepted as CFLAGS... -------------------- yes

LD_LIBRARY_PATH=.:/nix/store/l38m6dy9h4ia233c7dj1kd171fc33g9m-ruby-3.4.9/lib ASAN_OPTIONS=detect_leaks=0 "gcc -o conftest -I/nix/store/l38m6dy9h4ia233c7dj1kd171fc33g9m-ruby-3.4.9/include/ruby-3.4.0/x86_64-linux -I/nix/store/l38m6dy9h4ia233c7dj1kd171fc33g9m-ruby-3.4.9/include/ruby-3.4.0/ruby/backward -I/nix/store/l38m6dy9h4ia233c7dj1kd171fc33g9m-ruby-3.4.9/include/ruby-3.4.0 -I. -I./../../include    -O3 -fPIC conftest.c -L. -L/nix/store/l38m6dy9h4ia233c7dj1kd171fc33g9m-ruby-3.4.9/lib -Wl,-rpath,/nix/store/l38m6dy9h4ia233c7dj1kd171fc33g9m-ruby-3.4.9/lib -L. -fstack-protector-strong -rdynamic -Wl,-export-dynamic -Wl,--no-as-needed     -Wl,-rpath,/nix/store/l38m6dy9h4ia233c7dj1kd171fc33g9m-ruby-3.4.9/lib -L/nix/store/l38m6dy9h4ia233c7dj1kd171fc33g9m-ruby-3.4.9/lib -lruby-3.4.9  -lm -lpthread  -lc"
checked program was:
/* begin */
1: #include "ruby.h"
2: 
3: int main(int argc, char **argv)
4: {
5:   return !!argv[argc];
6: }
/* end */

LD_LIBRARY_PATH=.:/nix/store/l38m6dy9h4ia233c7dj1kd171fc33g9m-ruby-3.4.9/lib ASAN_OPTIONS=detect_leaks=0 "gcc -I/nix/store/l38m6dy9h4ia233c7dj1kd171fc33g9m-ruby-3.4.9/include/ruby-3.4.0/x86_64-linux -I/nix/store/l38m6dy9h4ia233c7dj1kd171fc33g9m-ruby-3.4.9/include/ruby-3.4.0/ruby/backward -I/nix/store/l38m6dy9h4ia233c7dj1kd171fc33g9m-ruby-3.4.9/include/ruby-3.4.0 -I. -I./../../include    -O3 -fPIC  -std=gnu99 -Werror -c conftest.c"
checked program was:
/* begin */
1: #include "ruby.h"
2: 
3: int main(int argc, char **argv)
4: {
5:   return !!argv[argc];
6: }
/* end */

--------------------

append_cflags: checking for whether -Wimplicit-fallthrough is accepted as CFLAGS... -------------------- yes

LD_LIBRARY_PATH=.:/nix/store/l38m6dy9h4ia233c7dj1kd171fc33g9m-ruby-3.4.9/lib ASAN_OPTIONS=detect_leaks=0 "gcc -I/nix/store/l38m6dy9h4ia233c7dj1kd171fc33g9m-ruby-3.4.9/include/ruby-3.4.0/x86_64-linux -I/nix/store/l38m6dy9h4ia233c7dj1kd171fc33g9m-ruby-3.4.9/include/ruby-3.4.0/ruby/backward -I/nix/store/l38m6dy9h4ia233c7dj1kd171fc33g9m-ruby-3.4.9/include/ruby-3.4.0 -I. -I./../../include    -O3 -fPIC -std=gnu99  -Wimplicit-fallthrough -Werror -c conftest.c"
checked program was:
/* begin */
1: #include "ruby.h"
2: 
3: int main(int argc, char **argv)
4: {
5:   return !!argv[argc];
6: }
/* end */

--------------------

append_cflags: checking for whether -Wunused-result is accepted as CFLAGS... -------------------- yes

LD_LIBRARY_PATH=.:/nix/store/l38m6dy9h4ia233c7dj1kd171fc33g9m-ruby-3.4.9/lib ASAN_OPTIONS=detect_leaks=0 "gcc -I/nix/store/l38m6dy9h4ia233c7dj1kd171fc33g9m-ruby-3.4.9/include/ruby-3.4.0/x86_64-linux -I/nix/store/l38m6dy9h4ia233c7dj1kd171fc33g9m-ruby-3.4.9/include/ruby-3.4.0/ruby/backward -I/nix/store/l38m6dy9h4ia233c7dj1kd171fc33g9m-ruby-3.4.9/include/ruby-3.4.0 -I. -I./../../include    -O3 -fPIC -std=gnu99 -Wimplicit-fallthrough  -Wunused-result -Werror -c conftest.c"
checked program was:
/* begin */
1: #include "ruby.h"
2: 
3: int main(int argc, char **argv)
4: {
5:   return !!argv[argc];
6: }
/* end */

--------------------

append_cflags: checking for whether -Wc++-compat is accepted as CFLAGS... -------------------- yes

LD_LIBRARY_PATH=.:/nix/store/l38m6dy9h4ia233c7dj1kd171fc33g9m-ruby-3.4.9/lib ASAN_OPTIONS=detect_leaks=0 "gcc -I/nix/store/l38m6dy9h4ia233c7dj1kd171fc33g9m-ruby-3.4.9/include/ruby-3.4.0/x86_64-linux -I/nix/store/l38m6dy9h4ia233c7dj1kd171fc33g9m-ruby-3.4.9/include/ruby-3.4.0/ruby/backward -I/nix/store/l38m6dy9h4ia233c7dj1kd171fc33g9m-ruby-3.4.9/include/ruby-3.4.0 -I. -I./../../include    -O3 -fPIC -std=gnu99 -Wimplicit-fallthrough -Wunused-result  -Wc++-compat -Werror -c conftest.c"
checked program was:
/* begin */
1: #include "ruby.h"
2: 
3: int main(int argc, char **argv)
4: {
5:   return !!argv[argc];
6: }
/* end */

--------------------

append_cflags: checking for whether -Wnullable-to-nonnull-conversion is accepted as CFLAGS... -------------------- no

LD_LIBRARY_PATH=.:/nix/store/l38m6dy9h4ia233c7dj1kd171fc33g9m-ruby-3.4.9/lib ASAN_OPTIONS=detect_leaks=0 "gcc -I/nix/store/l38m6dy9h4ia233c7dj1kd171fc33g9m-ruby-3.4.9/include/ruby-3.4.0/x86_64-linux -I/nix/store/l38m6dy9h4ia233c7dj1kd171fc33g9m-ruby-3.4.9/include/ruby-3.4.0/ruby/backward -I/nix/store/l38m6dy9h4ia233c7dj1kd171fc33g9m-ruby-3.4.9/include/ruby-3.4.0 -I. -I./../../include    -O3 -fPIC -std=gnu99 -Wimplicit-fallthrough -Wunused-result -Wc++-compat  -Wnullable-to-nonnull-conversion -Werror -c conftest.c"
gcc: error: unrecognized command-line option ‘-Wnullable-to-nonnull-conversion’
checked program was:
/* begin */
1: #include "ruby.h"
2: 
3: int main(int argc, char **argv)
4: {
5:   return !!argv[argc];
6: }
/* end */

--------------------

append_cflags: checking for whether -DNDEBUG is accepted as CFLAGS... -------------------- yes

LD_LIBRARY_PATH=.:/nix/store/l38m6dy9h4ia233c7dj1kd171fc33g9m-ruby-3.4.9/lib ASAN_OPTIONS=detect_leaks=0 "gcc -I/nix/store/l38m6dy9h4ia233c7dj1kd171fc33g9m-ruby-3.4.9/include/ruby-3.4.0/x86_64-linux -I/nix/store/l38m6dy9h4ia233c7dj1kd171fc33g9m-ruby-3.4.9/include/ruby-3.4.0/ruby/backward -I/nix/store/l38m6dy9h4ia233c7dj1kd171fc33g9m-ruby-3.4.9/include/ruby-3.4.0 -I. -I./../../include    -O3 -fPIC -std=gnu99 -Wimplicit-fallthrough -Wunused-result -Wc++-compat  -DNDEBUG -Werror -c conftest.c"
checked program was:
/* begin */
1: #include "ruby.h"
2: 
3: int main(int argc, char **argv)
4: {
5:   return !!argv[argc];
6: }
/* end */

--------------------

