current directory: /home/redhood/Desktop/code/rubyProj/railstutorial/environment/hello_app/.nix-gems/gems/io-console-0.8.2/ext/io/console
/nix/store/l38m6dy9h4ia233c7dj1kd171fc33g9m-ruby-3.4.9/bin/ruby extconf.rb
checking for rb_syserr_fail_str(0, Qnil)... yes
checking for rb_interned_str_cstr()... yes
checking for rb_io_path() in ruby/io.h... yes
checking for rb_io_descriptor() in ruby/io.h... yes
checking for rb_io_get_write_io() in ruby/io.h... yes
checking for rb_io_closed_p() in ruby/io.h... yes
checking for rb_io_open_descriptor() in ruby/io.h... yes
checking for rb_ractor_local_storage_value_newkey()... yes
checking for termios.h... yes
checking for cfmakeraw() in termios.h... yes
checking for sys/ioctl.h... yes
checking for HAVE_RUBY_FIBER_SCHEDULER_H... yes
checking for ttyname_r()... yes
creating Makefile

current directory: /home/redhood/Desktop/code/rubyProj/railstutorial/environment/hello_app/.nix-gems/gems/io-console-0.8.2/ext/io/console
make DESTDIR\= sitearchdir\=./.gem.20260727-244588-909iof sitelibdir\=./.gem.20260727-244588-909iof clean

current directory: /home/redhood/Desktop/code/rubyProj/railstutorial/environment/hello_app/.nix-gems/gems/io-console-0.8.2/ext/io/console
make DESTDIR\= sitearchdir\=./.gem.20260727-244588-909iof sitelibdir\=./.gem.20260727-244588-909iof
compiling console.c
linking shared-object io/console.so

current directory: /home/redhood/Desktop/code/rubyProj/railstutorial/environment/hello_app/.nix-gems/gems/io-console-0.8.2/ext/io/console
make DESTDIR\= sitearchdir\=./.gem.20260727-244588-909iof sitelibdir\=./.gem.20260727-244588-909iof install
install -c -p -m 755 console.so ./.gem.20260727-244588-909iof/io

current directory: /home/redhood/Desktop/code/rubyProj/railstutorial/environment/hello_app/.nix-gems/gems/io-console-0.8.2/ext/io/console
make DESTDIR\= sitearchdir\=./.gem.20260727-244588-909iof sitelibdir\=./.gem.20260727-244588-909iof clean
